_start
__unix_ioctl
__unix_fcntl
__unix_stat
__unix_fstat
__unix_open
__unix_uname
__unix_times
__unix_read
__unix_sysi86
__unix_access
__unix_readdir
__unix_signal
a64l
abort
abs
access
acct
alarm
asctime
atof
atoi
atol
bsearch
calloc
chdir
chmod
chroot
clearerr
clock
closedir
copysign
creat
ctermid
ctime
cuserid
daylight
drand48
dup2
dup
eaccess
ecvt
endgrent
endpwent
endutent
environ
erand48
execle
execl
execlp
execve
execv
execvp
_exit
exit
fcvt
free
frexp
fstatfs
fstat
ftok
ftw
gcvt
getchar
getcwd
getegid
getenv
geteuid
getgid
getgrent
getgrgid
getgrnam
getlogin
getopt
getpass
getpgrp
getpid
getppid
getpwent
getpwnam
getpwuid
getuid
getutent
getutid
getutline
getw
gmtime
gsignal
hcreate
hdestroy
hsearch
isatty
jrand48
kill
l64a
labs
lcong48
ldexp
lfind
link
localtime
lockf
lrand48
lsearch
lseek
mallinfo
malloc
mallopt
_mcount
memccpy
memchr
memcmp
memcpy
memmove
memset
mkdir
mknod
mlock
modf
mount
mrand48
msgget
msgrcv
msgsnd
nice
nrand48
opendir
open
optarg
opterr
optind
optopt
pause
perror
poll
printf
profil
ptrace
putchar
putenv
putpwent
puts
pututline
putw
qsort
rand
readdir
read
realloc
rename
rewind
rmdir
sbrk
scanf
seed48
seekdir
semget
semop
setbuf
setgid
setgrent
setpgrp
setpwent
setuid
setutent
setvbuf
shmat
shmdt
shmget
sighold
sigignore
signal
sigpause
sigrelse
sigset
sleep
sprintf
srand48
srand
sscanf
ssignal
statfs
stat
strcat
strchr
strcmp
strcpy
strcspn
strdup
strlen
strncat
strncmp
strncpy
strpbrk
strrchr
strspn
strtod
strtok
strtol
swab
sync
syscall
system
tdelete
telldir
tfind
time
times
timezone
tolower
toupper
tsearch
ttyname
ttyslot
twalk
tzname
tzset
ulimit
umask
umount
uname
ungetc
unlink
utime
utmpname
vfprintf
vprintf
vsprintf
wait
write
close
tgetent
tgetstr
tgetflag
tgetnum
tgoto
tputs
tempnam
tmpfile
tmpnam
chown
msgctl
semctl
shmctl
fstat64
stat64
lic_init
open_printer_drivers
load_printer_drivers
close_printer_drivers
read_print_config_dir
display_column_labels
init_unix_display_code
at_date
sin
cos
tan
tan2
asin
acos
remainder
sqrt
log
log10
floor
ceil
fmod
fabs
kbd_term
set_raw_mode
unset_raw_mode
ustat
